0.894029 0.898737 0.046166 0.202520 0.116816 0.887173 0.767633 0.772099 0.882681 0.213968 0.960649 0.675053 0.857173 0.233460 0.353885 0.860382 0.589732 0.752254 0.614469 0.001494 0.079571 0.642802 0.582678 0.806804 0.532125 0.793378 0.360084 0.927117 0.379246 0.962763 0.450533 0.036472 0.630302 